2025-11-04 18:32:24,363 - services.excel_validator - WARNING - openpyxl не установлен. Функция сверки с Excel недоступна.
2025-11-04 18:32:24,387 - pigweight - ERROR - Ошибка запуска сервера через uvicorn: name 'RTCPeerConnection' is not defined
2025-11-04 18:32:24,387 - pigweight - ERROR - Ошибка запуска сервера: name 'RTCPeerConnection' is not defined
2025-11-04 18:34:03,838 - services.excel_validator - WARNING - openpyxl не установлен. Функция сверки с Excel недоступна.
2025-11-04 18:35:49,735 - services.excel_validator - WARNING - openpyxl не установлен. Функция сверки с Excel недоступна.
2025-11-04 18:36:46,633 - services.excel_validator - WARNING - openpyxl не установлен. Функция сверки с Excel недоступна.
2025-11-04 18:36:46,656 - api.webrtc - WARNING - ⚠️  aiortc не установлена, WebRTC функционал отключен
2025-11-04 18:36:46,657 - api.webrtc - WARNING -    Установите: pip install aiortc av
2025-11-04 18:38:57,185 - services.excel_validator - WARNING - openpyxl не установлен. Функция сверки с Excel недоступна.
2025-11-04 18:57:15,562 - api.av_worker - WARNING - Function _req failed (attempt 1/3): av_worker timeout on open_file after 3.0s. Retrying in 0.10s...
2025-11-04 18:57:15,891 - services.model_adapter - INFO - 📱 Используем CPU
2025-11-04 18:57:15,891 - services.model_adapter - INFO - Loading ultralytics model from models/pig_yolo11-seg.v4.pt on device=cpu
2025-11-04 18:57:16,624 - services.model_adapter - INFO - ModelAdapter initialized: path=models/pig_yolo11-seg.v4.pt, backend=ultralytics, device=cpu
2025-11-04 18:57:16,624 - services.model_adapter - INFO - Type safety manager initialized: {'device': 'cpu', 'optimal_dtype': 'torch.float32', 'cache_size': 0, 'conversions_cached': 0}
2025-11-04 18:57:16,625 - services.model_adapter - INFO - Optimal inference dtype: torch.float32
2025-11-04 18:57:32,615 - api.middleware.error - WARNING - Starlette HTTP 404: Not Found - GET http://localhost:8000/favicon.ico
2025-11-04 18:57:55,297 - services.model_adapter - INFO - 📱 Используем CPU
2025-11-04 18:57:55,297 - services.model_adapter - INFO - Loading ultralytics model from models/pig_yolo11-seg.v4.pt on device=cpu
2025-11-04 18:57:55,378 - services.model_adapter - INFO - ModelAdapter initialized: path=models/pig_yolo11-seg.v4.pt, backend=ultralytics, device=cpu
2025-11-04 18:57:55,379 - services.model_adapter - INFO - Type safety manager initialized: {'device': 'cpu', 'optimal_dtype': 'torch.float32', 'cache_size': 0, 'conversions_cached': 0}
2025-11-04 18:57:55,379 - services.model_adapter - INFO - Optimal inference dtype: torch.float32
2025-11-04 18:58:16,433 - services.model_adapter - INFO - 📱 Используем CPU
2025-11-04 18:58:16,434 - services.model_adapter - INFO - Loading ultralytics model from models/pig_yolo11-seg.v4.pt on device=cpu
2025-11-04 18:58:16,517 - services.model_adapter - INFO - ModelAdapter initialized: path=models/pig_yolo11-seg.v4.pt, backend=ultralytics, device=cpu
2025-11-04 18:58:16,517 - services.model_adapter - INFO - Type safety manager initialized: {'device': 'cpu', 'optimal_dtype': 'torch.float32', 'cache_size': 0, 'conversions_cached': 0}
2025-11-04 18:58:16,517 - services.model_adapter - INFO - Optimal inference dtype: torch.float32
2025-11-04 18:58:21,253 - api.middleware.error - WARNING - Starlette HTTP 404: Not Found - GET http://localhost:8000/.well-known/appspecific/com.chrome.devtools.json
2025-11-04 18:58:37,871 - services.model_adapter - INFO - 📱 Используем CPU
2025-11-04 18:58:37,872 - services.model_adapter - INFO - Loading ultralytics model from models/pig_yolo11-seg.v4.pt on device=cpu
2025-11-04 18:58:37,957 - services.model_adapter - INFO - ModelAdapter initialized: path=models/pig_yolo11-seg.v4.pt, backend=ultralytics, device=cpu
2025-11-04 18:58:37,957 - services.model_adapter - INFO - Type safety manager initialized: {'device': 'cpu', 'optimal_dtype': 'torch.float32', 'cache_size': 0, 'conversions_cached': 0}
2025-11-04 18:58:37,957 - services.model_adapter - INFO - Optimal inference dtype: torch.float32
